Checking internet connection...
Reply from 34.56.149.196: bytes=32 time=196ms TTL=52
We're online
IG Publisher NOT FOUND in input-cache or parent folder.  Please run _updatePublisher.  Aborting...
